// Jest Snapshot v1, https://goo.gl/fbAQLP

exports[`src/components/LinkButton renders correctly 1`] = `
<RNCSafeAreaProvider
  onInsetsChange={[Function]}
  style={
    [
      {
        "flex": 1,
      },
      undefined,
    ]
  }
>
  <RNSScreenStack
    style={
      {
        "flex": 1,
      }
    }
  >
    <RNSScreen
      collapsable={false}
      gestureResponseDistance={
        {
          "bottom": -1,
          "end": -1,
          "start": -1,
          "top": -1,
        }
      }
      nativeBackButtonDismissalEnabled={false}
      onAppear={[Function]}
      onDisappear={[Function]}
      onDismissed={[Function]}
      onGestureCancel={[Function]}
      onHeaderBackButtonClicked={[Function]}
      onNativeDismissCancelled={[Function]}
      onTransitionProgress={[Function]}
      onWillDisappear={[Function]}
      replaceAnimation="push"
      sheetAllowedDetents="large"
      sheetCornerRadius={-1}
      sheetExpandsWhenScrolledToEdge={true}
      sheetGrabberVisible={false}
      sheetLargestUndimmedDetent="all"
      stackPresentation="push"
      style={
        {
          "bottom": 0,
          "left": 0,
          "position": "absolute",
          "right": 0,
          "top": 0,
        }
      }
      swipeDirection="horizontal"
    >
      <View
        accessibilityElementsHidden={false}
        importantForAccessibility="auto"
        style={
          {
            "flex": 1,
            "flexDirection": "column-reverse",
          }
        }
      >
        <View
          collapsable={false}
          style={
            [
              {
                "flex": 1,
              },
              {
                "backgroundColor": "rgb(242, 242, 242)",
              },
              undefined,
            ]
          }
        >
          <View
            style={
              {
                "alignItems": "center",
                "backgroundColor": "#fff",
                "flex": 1,
                "justifyContent": "center",
              }
            }
          >
            <View
              style={
                {
                  "gap": 7,
                  "marginBottom": 50,
                  "width": "80%",
                }
              }
            >
              <Image
                source={1}
                style={
                  {
                    "height": 50,
                    "width": 50,
                  }
                }
              />
              <Text
                style={
                  {
                    "fontSize": 16,
                    "fontWeight": "bold",
                  }
                }
              >
                LOGIN
              </Text>
              <Text
                style={{}}
              >
                Insira seus dados pra continuar
              </Text>
            </View>
            <View
              style={
                {
                  "alignItems": "flex-start",
                  "margin": 10,
                  "width": "80%",
                }
              }
            >
              <Text
                style={
                  {
                    "color": "#CB3BE6",
                    "fontWeight": "bold",
                  }
                }
              >
                E-MAIL
              </Text>
              <TextInput
                blurOnSubmit={false}
                onChangeText={[Function]}
                onFocus={[Function]}
                onSubmitEditing={[Function]}
                placeholder="ex: joÃ£ofut123@exemplo.com"
                returnKeyType="next"
                style={
                  {
                    "borderBottomWidth": 1,
                    "paddingVertical": 10,
                    "width": "100%",
                  }
                }
                value=""
              />
            </View>
            <View
              style={
                {
                  "alignItems": "flex-start",
                  "margin": 10,
                  "width": "80%",
                }
              }
            >
              <Text
                style={
                  {
                    "color": "#CB3BE6",
                    "fontWeight": "bold",
                  }
                }
              >
                SENHA
              </Text>
              <TextInput
                onChangeText={[Function]}
                onFocus={[Function]}
                placeholder="Precisa ter pelo menos 5 caracteres"
                secureTextEntry={true}
                style={
                  {
                    "borderBottomWidth": 1,
                    "paddingVertical": 10,
                    "width": "100%",
                  }
                }
                value=""
              />
            </View>
            <View
              accessibilityState={
                {
                  "busy": undefined,
                  "checked": undefined,
                  "disabled": undefined,
                  "expanded": undefined,
                  "selected": undefined,
                }
              }
              accessibilityValue={
                {
                  "max": undefined,
                  "min": undefined,
                  "now": undefined,
                  "text": undefined,
                }
              }
              accessible={true}
              collapsable={false}
              focusable={true}
              onBlur={[Function]}
              onClick={[Function]}
              onFocus={[Function]}
              onResponderGrant={[Function]}
              onResponderMove={[Function]}
              onResponderRelease={[Function]}
              onResponderTerminate={[Function]}
              onResponderTerminationRequest={[Function]}
              onStartShouldSetResponder={[Function]}
              style={
                {
                  "alignItems": "center",
                  "backgroundColor": "#CB3BE6",
                  "borderRadius": 25,
                  "height": 50,
                  "justifyContent": "center",
                  "marginVertical": 25,
                  "width": "80%",
                }
              }
            >
              <Text
                style={
                  {
                    "color": "white",
                    "fontSize": 16,
                    "fontWeight": "bold",
                  }
                }
              >
                Entrar
              </Text>
            </View>
          </View>
        </View>
      </View>
      <RNSScreenStackHeaderConfig
        backButtonInCustomView={false}
        backTitleVisible={true}
        backgroundColor="rgb(255, 255, 255)"
        color="rgb(0, 122, 255)"
        direction="ltr"
        disableBackButtonMenu={false}
        hidden={true}
        hideBackButton={false}
        largeTitleHideShadow={false}
        title="Login"
        titleColor="rgb(28, 28, 30)"
        topInsetEnabled={false}
        translucent={false}
      />
    </RNSScreen>
  </RNSScreenStack>
</RNCSafeAreaProvider>
`;
